// Jest Snapshot v1, https://goo.gl/fbAQLP

exports[`Hierarchy Partial: should compile type hierarchy 1`] = `
"- **\`ParentClass\`**
  - [\`ChildClassA\`]( ChildClassA )
    - [\`ChildClassB\`]( ChildClassB )"
`;
