// Jest Snapshot v1, https://goo.gl/fbAQLP

exports[`Theme: Exports should write sidebar for exports' 1`] = `
"## typedoc-plugin-markdown-test

- [Home](../wiki/Home)
- [Exports](../wiki/Exports)

### Namespaces

- [namespaceA](../wiki/namespaceA)
- [namespaceB](../wiki/namespaceB)
"
`;

exports[`Theme: Exports should write sidebar for modules' 1`] = `
"## typedoc-plugin-markdown-test

- [Home](../wiki/Home)

### Modules

- [breadcrumbs](../wiki/breadcrumbs)
- [theme](../wiki/theme)

### Namespaces

- [namespaceA](../wiki/theme.namespaceA)
- [namespaceB](../wiki/theme.namespaceB)
"
`;
