// Jest Snapshot v1, https://goo.gl/fbAQLP

exports[`Index Template: should compile index template 1`] = `
"[breadcrumbsPartial]

# [reflectionTitlePartial]

[reflectionPathPartial]

[tocPartial]"
`;

exports[`Index Template: should compile index template with options 1`] = `
"[reflectionPathPartial]

[tocPartial]"
`;
