// Jest Snapshot v1, https://goo.gl/fbAQLP

exports[`Plugin: (docs) should render 1`] = `
Array [
  "_category_.yml",
  "classes",
  "enums",
  "index.md",
  "interfaces",
  "modules.md",
  "namespaces",
]
`;

exports[`Plugin: (docs) should write category yaml 1`] = `
"label: \\"Classes\\"
position: 3"
`;

exports[`Plugin: (docs) should write doc 1`] = `
"---
id: \\"index\\"
title: \\"typedoc-plugin-markdown-test\\"
sidebar_label: \\"Readme\\"
sidebar_position: 0
custom_edit_url: null
---

# MY README

> Some block quote

<!-- some comments -->

Some text
"
`;
