// Jest Snapshot v1, https://goo.gl/fbAQLP

exports[`Index: should compile readme 1`] = `
"[breadcrumbs]

# Project: typedoc-plugin-markdown

[toc]
"
`;
