// Jest Snapshot v1, https://goo.gl/fbAQLP

exports[`Members: (members) should compile class members' 1`] = `
"## Constructors

### constructor

• **new ClassWithAccessorMembers**()

[sources]

## Properties

### \\\\_private

• \`Private\` **\\\\_private**: \`string\`

[sources]

## Accessors

### getter

• \`get\` **getter**(): \`string\`

#### Returns

\`string\`

[sources]

---

### setter

• \`set\` **setter**(\`value\`): \`void\`

#### Parameters

| Name | Type |
| :------ | :------ |
| \`value\` | \`string\` |

#### Returns

\`void\`

[sources]
"
`;
