// Jest Snapshot v1, https://goo.gl/fbAQLP

exports[`Property Table Partial: should compile property table for type literal 1`] = `
"
| Name | Type | Description |
| :------ | :------ | :------ |
| \`valueA?\` | \`number\` | Comments for valueA |
| \`valueB?\` | \`boolean\` | - |
| \`valueC\` | { \`[dataId: string]\`: \`\`\\"ok\\"\`\` \\\\| \`\`\\"ko\\"\`\`;  } | - |
| \`valueX\` | { \`valueA\`: \`number\`[] ; \`valueY\`: (\`z\`: \`string\`) => { \`a\`: \`string\` ; \`b\`: \`string\`  } ; \`valueZ\`: \`string\`  } | Comment for valueX |
| \`valueX.valueA\` | \`number\`[] | - |
| \`valueX.valueY\` | (\`z\`: \`string\`) => { \`a\`: \`string\` ; \`b\`: \`string\`  } | - |
| \`valueX.valueZ\` | \`string\` | Nested comment for valueZ |
| \`valueY\` | () => \`string\` | - |
| \`valueZ\` | \`string\` | Comment for valueZ |
"
`;
