// Jest Snapshot v1, https://goo.gl/fbAQLP

exports[`Theme: should write sidebar' 1`] = `
"## typedoc-plugin-markdown-test

- [Home](home)
- [Exports](Exports)

### Namespaces

- [namespaceA](modules/namespaceA)
- [namespaceB](modules/namespaceB)

### Enumerations

- [enumItemA](enums/enumItemA)
- [enumItemB](enums/enumItemB)

### Classes

- [ClassItemA](classes/ClassItemA)
- [ClassItemB](classes/ClassItemB)
- [SomeNestedClass](classes/namespaceA.SomeNestedClass)

### Interfaces

- [InterfaceItemA](interfaces/InterfaceItemA)
- [InterfaceItemB](interfaces/InterfaceItemB)"
`;
