// Jest Snapshot v1, https://goo.gl/fbAQLP

exports[`Readme Template: should compile readme 1`] = `
"{ breadcrumbsPartial }

# MY README

> Some block quote

<!-- some comments -->

Some text
"
`;
